[debug] [2026-02-27T22:48:07.176Z] ----------------------------------------------------------------------
[debug] [2026-02-27T22:48:07.182Z] Command:       /usr/local/bin/node /Users/alexbryantmacm12020/.npm-global/bin/firebase deploy
[debug] [2026-02-27T22:48:07.182Z] CLI Version:   15.7.0
[debug] [2026-02-27T22:48:07.182Z] Platform:      darwin
[debug] [2026-02-27T22:48:07.182Z] Node Version:  v24.11.1
[debug] [2026-02-27T22:48:07.182Z] Time:          Fri Feb 27 2026 22:48:07 GMT+0000 (Greenwich Mean Time)
[debug] [2026-02-27T22:48:07.182Z] ----------------------------------------------------------------------
[debug] 
[debug] [2026-02-27T22:48:08.067Z] > command requires scopes: ["email","openid","https://www.googleapis.com/auth/cloudplatformprojects.readonly","https://www.googleapis.com/auth/firebase","https://www.googleapis.com/auth/cloud-platform"]
[debug] [2026-02-27T22:48:08.067Z] > authorizing via signed-in user (alexbryant3234@gmail.com)
[debug] [2026-02-27T22:48:08.067Z] [iam] checking project aiphotostudioapp for permissions ["firebase.projects.get","firebasehosting.sites.update"]
[debug] [2026-02-27T22:48:08.068Z] Checked if tokens are valid: false, expires at: 1772224985753
[debug] [2026-02-27T22:48:08.068Z] Checked if tokens are valid: false, expires at: 1772224985753
[debug] [2026-02-27T22:48:08.068Z] > refreshing access token with scopes: []
[debug] [2026-02-27T22:48:08.069Z] >>> [apiv2][query] POST https://www.googleapis.com/oauth2/v3/token [none]
[debug] [2026-02-27T22:48:08.069Z] >>> [apiv2][body] POST https://www.googleapis.com/oauth2/v3/token [omitted]
[debug] [2026-02-27T22:48:08.160Z] <<< [apiv2][status] POST https://www.googleapis.com/oauth2/v3/token 200
[debug] [2026-02-27T22:48:08.160Z] <<< [apiv2][body] POST https://www.googleapis.com/oauth2/v3/token [omitted]
[debug] [2026-02-27T22:48:08.172Z] >>> [apiv2][query] POST https://cloudresourcemanager.googleapis.com/v1/projects/aiphotostudioapp:testIamPermissions [none]
[debug] [2026-02-27T22:48:08.172Z] >>> [apiv2][(partial)header] POST https://cloudresourcemanager.googleapis.com/v1/projects/aiphotostudioapp:testIamPermissions  x-goog-user-project=aiphotostudioapp
[debug] [2026-02-27T22:48:08.172Z] >>> [apiv2][body] POST https://cloudresourcemanager.googleapis.com/v1/projects/aiphotostudioapp:testIamPermissions {"permissions":["firebase.projects.get","firebasehosting.sites.update"]}
[debug] [2026-02-27T22:48:08.863Z] <<< [apiv2][status] POST https://cloudresourcemanager.googleapis.com/v1/projects/aiphotostudioapp:testIamPermissions 400
[debug] [2026-02-27T22:48:08.864Z] <<< [apiv2][body] POST https://cloudresourcemanager.googleapis.com/v1/projects/aiphotostudioapp:testIamPermissions {"error":{"code":400,"message":"Project 'projects/aiphotostudioapp' not found or deleted.","status":"INVALID_ARGUMENT","details":[{"@type":"type.googleapis.com/google.rpc.ErrorInfo","reason":"USER_PROJECT_DENIED","domain":"googleapis.com","metadata":{"containerInfo":"projects/aiphotostudioapp","consumer":"projects/aiphotostudioapp","service":"cloudresourcemanager.googleapis.com"}}]}}
[debug] [2026-02-27T22:48:08.866Z] [iam] error while checking permissions, command may fail: Request to https://cloudresourcemanager.googleapis.com/v1/projects/aiphotostudioapp:testIamPermissions had HTTP Error: 400, Project 'projects/aiphotostudioapp' not found or deleted.
[debug] [2026-02-27T22:48:08.867Z] Checked if tokens are valid: true, expires at: 1772236087160
[debug] [2026-02-27T22:48:08.867Z] Checked if tokens are valid: true, expires at: 1772236087160
[debug] [2026-02-27T22:48:08.867Z] >>> [apiv2][query] GET https://firebase.googleapis.com/v1beta1/projects/aiphotostudioapp [none]
[debug] [2026-02-27T22:48:09.395Z] <<< [apiv2][status] GET https://firebase.googleapis.com/v1beta1/projects/aiphotostudioapp 403
[debug] [2026-02-27T22:48:09.395Z] <<< [apiv2][body] GET https://firebase.googleapis.com/v1beta1/projects/aiphotostudioapp {"error":{"code":403,"message":"The caller does not have permission","status":"PERMISSION_DENIED"}}
[debug] [2026-02-27T22:48:09.396Z] Request to https://firebase.googleapis.com/v1beta1/projects/aiphotostudioapp had HTTP Error: 403, The caller does not have permission
[debug] [2026-02-27T22:48:09.475Z] FirebaseError: Request to https://firebase.googleapis.com/v1beta1/projects/aiphotostudioapp had HTTP Error: 403, The caller does not have permission
    at responseToError (/Users/alexbryantmacm12020/.npm-global/lib/node_modules/firebase-tools/lib/responseToError.js:53:12)
    at RetryOperation._fn (/Users/alexbryantmacm12020/.npm-global/lib/node_modules/firebase-tools/lib/apiv2.js:330:77)
    at process.processTicksAndRejections (node:internal/process/task_queues:103:5)
[error] 
[error] Error: Failed to get Firebase project aiphotostudioapp. Please make sure the project exists and your account has permission to access it.
